╭──────────────────────────────────────────╮╭──────────────────────────────────────────╮╭──────────────────────────────────────────╮
│  Priority                                ││  Mail (10)                               ││  Calendar                                │
│                                          ││                                          ││                                          │
│ ! Platform standup          in 12 min    ││ @ Sam Okonkwo (3)                 12m    ││ ! Platform standup          in 12 min    │
│ @ Sam Okonkwo (3)                 12m    ││ @ Anna Delgado                    34m    ││   1:1 with Priya            in 1h 14m    │
│ @ Anna Delgado                    34m    ││ @ Dana Whitfield                   1h    ││   Incident review — stagin… in 3h 35m    │
│ @ Dana Whitfield                   1h    ││ • Marcus Lee                       3h    ││   Design critique: onboarding … in 8h    │
│ • Marcus Lee                       3h    ││ • Recruiting Ops                   1d    ││   Focus block — no meet… on Tue 10:08    │
│ • Recruiting Ops                   1d    ││ • CI Runner                       22m    ││                                          │
│ • CI Runner                       22m    ││ • Golang Weekly                    5h    ││                                          │
│   1:1 with Priya            in 1h 14m    ││   CI Runner                        8m    ││                                          │
│   Incident review — stagin… in 3h 35m    ││ • Notion                           7h    ││                                          │
│   Design critique: onboarding … in 8h    ││   AWS Billing                      1d    ││                                          │
│ • Golang Weekly                    5h    ││                                          ││                                          │
│   Focus block — no meet… on Tue 10:08    ││                                          ││                                          │
│   CI Runner                        8m    ││                                          ││                                          │
│ • Notion                           7h    ││                                          ││                                          │
│   AWS Billing                      1d    ││                                          ││                                          │
│                                          ││                                          ││                                          │
│                                          ││                                          ││                                          │
│                                          ││                                          ││                                          │
│                                          ││                                          ││                                          │
│                                          ││                                          ││                                          │
│                                          ││                                          ││                                          │
│                                          ││                                          ││                                          │
│                                          ││                                          ││                                          │
│                                          ││                                          ││                                          │
│                                          ││                                          ││                                          │
╰──────────────────────────────────────────╯╰──────────────────────────────────────────╯╰──────────────────────────────────────────╯
 Next: Platform standup  in 12 min   [J to join]      demo data — not your real accounts                                            
 gp priority  gm mail  gc calendar  j/k nav  enter open  J join  r reply  m read  / search  ? help  q quit                          